ethernetif.c:281:22:low_level_input	16	static
ethernetif.c:234:14:low_level_output	56	static
ethernetif.c:139:13:low_level_init	32	static
ethernetif.c:403:6:pbuf_free_custom	8	static
ethernetif.c:302:6:ethernetif_input	16	static
ethernetif.c:352:7:ethernetif_init	8	static
ethernetif.c:426:7:sys_jiffies	8	static
ethernetif.c:437:7:sys_now	8	static
ethernetif.c:453:6:ethernet_link_check_state	0	static
ethernetif.c:458:6:HAL_ETH_RxAllocateCallback	16	static
ethernetif.c:481:6:HAL_ETH_RxLinkCallback	8	static
ethernetif.c:518:6:HAL_ETH_TxFreeCallback	8	static
ethernetif.c:533:13:ethernetif_notify_conn_changed	0	static
